10:24:52 **** Incremental Build of configuration Debug for project PM4 ****
make -j7 all 
arm-none-eabi-gcc "../Core/Src/main.c" -mcpu=cortex-m0 -std=gnu11 -g3 -DDEBUG -DUSE_HAL_DRIVER -DSTM32F042x6 -c -I../Core/Inc -I../Drivers/STM32F0xx_HAL_Driver/Inc -I../Drivers/STM32F0xx_HAL_Driver/Inc/Legacy -I../Drivers/CMSIS/Device/ST/STM32F0xx/Include -I../Drivers/CMSIS/Include -O0 -ffunction-sections -fdata-sections -Wall -fstack-usage -MMD -MP -MF"Core/Src/main.d" -MT"Core/Src/main.o" --specs=nano.specs -mfloat-abi=soft -mthumb -o "Core/Src/main.o"
arm-none-eabi-gcc "../Core/Src/syscalls.c" -mcpu=cortex-m0 -std=gnu11 -g3 -DDEBUG -DUSE_HAL_DRIVER -DSTM32F042x6 -c -I../Core/Inc -I../Drivers/STM32F0xx_HAL_Driver/Inc -I../Drivers/STM32F0xx_HAL_Driver/Inc/Legacy -I../Drivers/CMSIS/Device/ST/STM32F0xx/Include -I../Drivers/CMSIS/Include -O0 -ffunction-sections -fdata-sections -Wall -fstack-usage -MMD -MP -MF"Core/Src/syscalls.d" -MT"Core/Src/syscalls.o" --specs=nano.specs -mfloat-abi=soft -mthumb -o "Core/Src/syscalls.o"
arm-none-eabi-gcc "../Core/Src/sysmem.c" -mcpu=cortex-m0 -std=gnu11 -g3 -DDEBUG -DUSE_HAL_DRIVER -DSTM32F042x6 -c -I../Core/Inc -I../Drivers/STM32F0xx_HAL_Driver/Inc -I../Drivers/STM32F0xx_HAL_Driver/Inc/Legacy -I../Drivers/CMSIS/Device/ST/STM32F0xx/Include -I../Drivers/CMSIS/Include -O0 -ffunction-sections -fdata-sections -Wall -fstack-usage -MMD -MP -MF"Core/Src/sysmem.d" -MT"Core/Src/sysmem.o" --specs=nano.specs -mfloat-abi=soft -mthumb -o "Core/Src/sysmem.o"
arm-none-eabi-gcc "../Core/Src/system_stm32f0xx.c" -mcpu=cortex-m0 -std=gnu11 -g3 -DDEBUG -DUSE_HAL_DRIVER -DSTM32F042x6 -c -I../Core/Inc -I../Drivers/STM32F0xx_HAL_Driver/Inc -I../Drivers/STM32F0xx_HAL_Driver/Inc/Legacy -I../Drivers/CMSIS/Device/ST/STM32F0xx/Include -I../Drivers/CMSIS/Include -O0 -ffunction-sections -fdata-sections -Wall -fstack-usage -MMD -MP -MF"Core/Src/system_stm32f0xx.d" -MT"Core/Src/system_stm32f0xx.o" --specs=nano.specs -mfloat-abi=soft -mthumb -o "Core/Src/system_stm32f0xx.o"
../Core/Src/main.c: In function 'main':
../Core/Src/main.c:76:9: warning: unused variable 'test' [-Wunused-variable]
   76 |   float test;
      |         ^~~~
../Core/Src/main.c:75:11: warning: unused variable 'val' [-Wunused-variable]
   75 |   int16_t val;
      |           ^~~
../Core/Src/main.c:74:11: warning: unused variable 'buf' [-Wunused-variable]
   74 |   uint8_t buf[12];
      |           ^~~
../Core/Src/main.c:73:20: warning: unused variable 'ret' [-Wunused-variable]
   73 |  HAL_StatusTypeDef ret;
      |                    ^~~
At top level:
../Core/Src/main.c:281:13: warning: 'SPECTRAL_Init' defined but not used [-Wunused-function]
  281 | static void SPECTRAL_Init(void){
      |             ^~~~~~~~~~~~~
../Core/Src/main.c:49:22: warning: 'CH1_H_DAT' defined but not used [-Wunused-const-variable=]
   49 | static const uint8_t CH1_H_DAT = 0x67; //higher Byte of chanel one
      |                      ^~~~~~~~~
../Core/Src/main.c:48:22: warning: 'CH1_L_DAT' defined but not used [-Wunused-const-variable=]
   48 | static const uint8_t CH1_L_DAT = 0x66; //lower Byte of chanel one
      |                      ^~~~~~~~~
../Core/Src/main.c:47:22: warning: 'Spectral_Adress' defined but not used [-Wunused-const-variable=]
   47 | static const uint8_t Spectral_Adress = 0x39 << 0; // Base adress of the color sensor
      |                      ^~~~~~~~~~~~~~~
arm-none-eabi-gcc -o "PM4.elf" @"objects.list"   -mcpu=cortex-m0 -T"/Users/romanberti/STM32CubeIDE/workspace_1.9.0/PM4/PM4/STM32F042K6TX_FLASH.ld" --specs=nosys.specs -Wl,-Map="PM4.map" -Wl,--gc-sections -static --specs=nano.specs -mfloat-abi=soft -mthumb -Wl,--start-group -lc -lm -Wl,--end-group
Finished building target: PM4.elf
 
arm-none-eabi-size   PM4.elf 
arm-none-eabi-objdump -h -S  PM4.elf  > "PM4.list"
   text	   data	    bss	    dec	    hex	filename
   8756	     20	   1788	  10564	   2944	PM4.elf
Finished building: default.size.stdout
 
Finished building: PM4.list
 

10:24:53 Build Finished. 0 errors, 8 warnings. (took 752ms)

